Microchip MPLAB XC8 Compiler V2.31

Linker command line:

-W-3 --edf=C:\Program Files\Microchip\xc8\v2.31\pic\dat\en_msgs.txt -cn \
  -h+dist/default/production\mogboluwaga.X.production.sym \
  --cmf=dist/default/production\mogboluwaga.X.production.cmf -z -Q16F877A \
  -oC:\Users\EMMANU~1\AppData\Local\Temp\s508.2 --defsym=__MPLAB_BUILD=1 \
  -Mdist/default/production/mogboluwaga.X.production.map -E1 \
  -ver=XC8 Compiler --acfsm=1493 -ASTACK=0110h-016Fh -pstack=STACK \
  -ACODE=00h-07FFhx4 -ASTRCODE=00h-01FFFh -ASTRING=00h-0FFhx32 \
  -ACONST=00h-0FFhx32 -AENTRY=00h-0FFhx32 -ACOMMON=070h-07Fh \
  -ABANK0=020h-06Fh -ABANK1=0A0h-0EFh -ABANK2=0110h-016Fh \
  -ABANK3=0190h-01EFh -ARAM=020h-06Fh,0A0h-0EFh,0110h-016Fh,0190h-01EFh \
  -AABS1=020h-07Fh,0A0h-0EFh,0110h-016Fh,0190h-01EFh -ASFR0=00h-01Fh \
  -ASFR1=080h-09Fh -ASFR2=0100h-010Fh -ASFR3=0180h-018Fh \
  -ACONFIG=02007h-02007h -DCONFIG=2 -AIDLOC=02000h-02003h -DIDLOC=2 \
  -AEEDATA=00h-0FFh/02100h -peeprom_data=EEDATA -DEEDATA=2 -DCODE=2 \
  -DSTRCODE=2 -DSTRING=2 -DCONST=2 -DENTRY=2 \
  -preset_vec=00h,intentry,init,end_init -ppowerup=CODE -pcinit=CODE \
  -pfunctab=ENTRY -k C:\Users\EMMANU~1\AppData\Local\Temp\s508.o \
  dist/default/production\mogboluwaga.X.production.o 

Object code version is 3.11

Machine type is 16F877A



                Name                               Link     Load   Length Selector   Space Scale
C:\Users\EMMANU~1\AppData\Local\Temp\s508.o
                end_init                              0        0        3        0       0
                config                             2007     2007        1        0       4
dist/default/production\mogboluwaga.X.production.o
                cinit                               7E4      7E4       1C      FC8       0
                config                             2007     2007        1        0       4
                text7                               5EC      5EC        A      BD8       0
                text6                               60C      60C       11      C18       0
                text5                               5F6      5F6        A      BEC       0
                text4                               630      630       1D      C60       0
                text3                               64D      64D       24      C9A       0
                text2                               671      671       4C      CE2       0
                text1                               6BD      6BD       69      D7A       0
                maintext                            726      726       BE      E4C       0
                cstackCOMMON                         70       70        9       70       1
                inittext                            61D      61D       13      C3A       0
                dataBANK0                            20       20        C       20       1
                bssBANK0                             2C       2C        6       20       1
                bssCOMMON                            79       79        4       70       1
                strings                               3        3       81        6       0
                idataBANK0                          600      600        C      C00       0

TOTAL           Name                               Link     Load   Length     Space
        CLASS   STACK          

        CLASS   CODE           
                end_init                              0        0        3         0
                cinit                               7E4      7E4       1C         0
                text7                               5EC      5EC        A         0
                text6                               60C      60C       11         0
                text5                               5F6      5F6        A         0
                text4                               630      630       1D         0
                text3                               64D      64D       24         0
                text2                               671      671       4C         0
                text1                               6BD      6BD       69         0
                maintext                            726      726       BE         0
                inittext                            61D      61D       13         0
                idataBANK0                          600      600        C         0

        CLASS   STRCODE        

        CLASS   STRING         
                strings                               3        3       81         0

        CLASS   CONST          

        CLASS   ENTRY          

        CLASS   COMMON         
                cstackCOMMON                         70       70        9         1
                bssCOMMON                            79       79        4         1

        CLASS   BANK0          
                dataBANK0                            20       20        C         1
                bssBANK0                             2C       2C        6         1

        CLASS   BANK1          

        CLASS   BANK2          

        CLASS   BANK3          

        CLASS   RAM            

        CLASS   ABS1           
                abs_s1                               7E       7E        2         1

        CLASS   SFR0           

        CLASS   SFR1           

        CLASS   SFR2           

        CLASS   SFR3           

        CLASS   CONFIG         
                config                             2007     2007        1         4

        CLASS   IDLOC          

        CLASS   EEDATA         



SEGMENTS        Name                           Load    Length   Top    Selector   Space  Class     Delta

                reset_vec                      000000  000003  000003         0       0  CODE        2
                strings                        000003  000081  000084         6       0  STRING      2
                dataBANK0                      000020  000012  000032        20       1  BANK0       1
                cstackCOMMON                   000070  00000D  00007D        70       1  COMMON      1
                text7                          0005EC  00000A  0005F6       BD8       0  CODE        2
                text5                          0005F6  00000A  000600       BEC       0  CODE        2
                idataBANK0                     000600  00000C  00060C       C00       0  CODE        2
                text6                          00060C  000011  00061D       C18       0  CODE        2
                inittext                       00061D  000013  000630       C3A       0  CODE        2
                text4                          000630  00001D  00064D       C60       0  CODE        2
                text3                          00064D  000024  000671       C9A       0  CODE        2
                text2                          000671  00004C  0006BD       CE2       0  CODE        2
                text1                          0006BD  000069  000726       D7A       0  CODE        2
                maintext                       000726  0000BE  0007E4       E4C       0  CODE        2
                cinit                          0007E4  00001C  000800       FC8       0  CODE        2


UNUSED ADDRESS RANGES

        Name                Unused          Largest block    Delta
        BANK0            0032-006F             3E           1
        BANK1            00A0-00EF             50           1
        BANK2            0110-016F             60           1
        BANK3            0190-01EF             60           1
        CODE             0084-05EB            568           2
                         0800-1FFF            800
        COMMON           007D-007D              1           1
        CONST            0084-05EB            100           2
                         0800-1FFF            100
        EEDATA           2100-21FF            100           2
        ENTRY            0084-05EB            100           2
                         0800-1FFF            100
        IDLOC            2000-2003              4           2
        RAM              0032-006F             3E           1
                         00A0-00EF             50
                         0110-016F             60
                         0190-01EF             60
        SFR0             0000-001F             20           1
        SFR1             0080-009F             20           1
        SFR2             0100-010F             10           1
        SFR3             0180-018F             10           1
        STACK            0110-016F             60           1
        STRCODE          0084-05EB            568           2
                         0800-1FFF           1800
        STRING           0084-05EB            100           2
                         0800-1FFF            100

                                  Symbol Table

CURSOR@a                 cstackCOMMON 0075
CURSOR@b                 cstackCOMMON 0072
LCDWRITE@P               cstackCOMMON 0077
LCDWRITE@i               cstackCOMMON 0076
LCDWRITE@j               cstackCOMMON 0074
LCDWRITE@k               cstackCOMMON 0075
_ADCON0                  (abs)        001F
_ADCON0bits              (abs)        001F
_ADCON1                  (abs)        009F
_ADRESH                  (abs)        001E
_ADRESL                  (abs)        009E
_A_value                 bssCOMMON    007B
_B_value                 bssCOMMON    0079
_CLOCK                   text6        060C
_CLRDISP                 text4        0630
_CURSOR                  text3        064D
_LCDWRITE                text2        0671
_PORTB                   (abs)        0006
_PORTC                   (abs)        0007
_PORTCbits               (abs)        0007
_PORTD                   (abs)        0008
_RB4                     (abs)        0034
_RB5                     (abs)        0035
_RC4                     (abs)        003C
_RC6                     (abs)        003E
_TRISA                   (abs)        0085
_TRISB                   (abs)        0086
_TRISC                   (abs)        0087
_TRISD                   (abs)        0088
_TRISDbits               (abs)        0088
__Habs1                  abs1         0000
__Hbank0                 bank0        0000
__Hbank1                 bank1        0000
__Hbank2                 bank2        0000
__Hbank3                 bank3        0000
__HbssBANK0              bssBANK0     0000
__HbssCOMMON             bssCOMMON    0000
__Hcinit                 cinit        0800
__Hclrtext               clrtext      0000
__Hcode                  code         0000
__Hcommon                common       0000
__Hconfig                config       2008
__HcstackCOMMON          cstackCOMMON 0000
__HdataBANK0             dataBANK0    0000
__Heeprom_data           eeprom_data  0000
__Hend_init              end_init     0003
__Hfunctab               functab      0000
__HidataBANK0            idataBANK0   0000
__Hinit                  init         0000
__Hinittext              inittext     0000
__Hintentry              intentry     0000
__Hmaintext              maintext     0000
__Hpowerup               powerup      0000
__Hram                   ram          0000
__Hreset_vec             reset_vec    0000
__Hsfr0                  sfr0         0000
__Hsfr1                  sfr1         0000
__Hsfr2                  sfr2         0000
__Hsfr3                  sfr3         0000
__Hspace_0               (abs)        0800
__Hspace_1               (abs)        007D
__Hspace_2               (abs)        0000
__Hspace_3               (abs)        0000
__Hspace_4               (abs)        400F
__Hstack                 stack        0000
__Hstrings               strings      0000
__Htext                  text         0000
__Labs1                  abs1         0000
__Lbank0                 bank0        0000
__Lbank1                 bank1        0000
__Lbank2                 bank2        0000
__Lbank3                 bank3        0000
__LbssBANK0              bssBANK0     0000
__LbssCOMMON             bssCOMMON    0000
__Lcinit                 cinit        07E4
__Lclrtext               clrtext      0000
__Lcode                  code         0000
__Lcommon                common       0000
__Lconfig                config       0000
__LcstackCOMMON          cstackCOMMON 0000
__LdataBANK0             dataBANK0    0000
__Leeprom_data           eeprom_data  0000
__Lend_init              end_init     0000
__Lfunctab               functab      0000
__LidataBANK0            idataBANK0   0000
__Linit                  init         0000
__Linittext              inittext     0000
__Lintentry              intentry     0000
__Lmaintext              maintext     0000
__Lpowerup               powerup      0000
__Lram                   ram          0000
__Lreset_vec             reset_vec    0000
__Lsfr0                  sfr0         0000
__Lsfr1                  sfr1         0000
__Lsfr2                  sfr2         0000
__Lsfr3                  sfr3         0000
__Lspace_0               (abs)        0000
__Lspace_1               (abs)        0000
__Lspace_2               (abs)        0000
__Lspace_3               (abs)        0000
__Lspace_4               (abs)        0000
__Lstack                 stack        0000
__Lstrings               strings      0000
__Ltext                  text         0000
__S0                     (abs)        0800
__S1                     (abs)        007D
__S2                     (abs)        0000
__S3                     (abs)        0000
___int_sp                stack        0000
___latbits               (abs)        0002
___sp                    stack        0000
___stackhi               (abs)        0000
___stacklo               (abs)        0000
__end_of_CLOCK           text6        061D
__end_of_CLRDISP         text4        064D
__end_of_CURSOR          text3        0671
__end_of_LCDWRITE        text2        06BD
__end_of__initialization cinit        07FC
__end_of__stringtab      strings      0009
__end_of_config          text1        0726
__end_of_delay1          text5        0600
__end_of_delay2          text7        05F6
__end_of_main            maintext     07E4
__end_ofexp@coeff        strings      0031
__end_oflog@coeff        strings      0055
__initialization         cinit        07E4
__pbssBANK0              bssBANK0     002C
__pbssCOMMON             bssCOMMON    0079
__pcstackCOMMON          cstackCOMMON 0070
__pdataBANK0             dataBANK0    0020
__pidataBANK0            idataBANK0   0600
__pmaintext              maintext     0726
__pstrings               strings      0003
__ptext1                 text1        06BD
__ptext2                 text2        0671
__ptext3                 text3        064D
__ptext4                 text4        0630
__ptext5                 text5        05F6
__ptext6                 text6        060C
__ptext7                 text7        05EC
__size_of_CLOCK          (abs)        0000
__size_of_CLRDISP        (abs)        0000
__size_of_CURSOR         (abs)        0000
__size_of_LCDWRITE       (abs)        0000
__size_of_config         (abs)        0000
__size_of_delay1         (abs)        0000
__size_of_delay2         (abs)        0000
__size_of_main           (abs)        0000
__stringbase             strings      0008
__stringtab              strings      0003
_config                  text1        06BD
_delay1                  text5        05F6
_delay2                  text7        05EC
_main                    maintext     0726
btemp                    (abs)        007E
end_of_initialization    cinit        07FC
init_fetch0              inittext     061D
init_ram0                inittext     0621
intlevel0                functab      0000
intlevel1                functab      0000
intlevel2                functab      0000
intlevel3                functab      0000
intlevel4                functab      0000
intlevel5                functab      0000
reset_vec                reset_vec    0000
start                    init         0000
start_initialization     cinit        07E4
wtemp0                   (abs)        007E


FUNCTION INFORMATION:

 *************** function _main *****************
 Defined at:
		line 25 in file "main.c"
 Parameters:    Size  Location     Type
		None
 Auto vars:     Size  Location     Type
		None
 Return value:  Size  Location     Type
                  1    wreg      void 
 Registers used:
		wreg, fsr0l, fsr0h, status,2, status,0, btemp+1, pclath, cstack
 Tracked objects:
		On entry : 
		On exit  : 
		Unchanged: 
 Data sizes:     COMMON   BANK0   BANK1   BANK3   BANK2
      Params:         0       0       0       0       0
      Locals:         0       0       0       0       0
      Temps:          1       0       0       0       0
      Totals:         1       0       0       0       0
Total ram usage:        1 bytes
 Hardware stack levels required when called:    3
 This function calls:
		_CLRDISP
		_CURSOR
		_LCDWRITE
		_config
 This function is called by:
		Startup code after reset
 This function uses a non-reentrant model


 *************** function _config *****************
 Defined at:
		line 180 in file "./LCDLIBRARY1.h"
 Parameters:    Size  Location     Type
		None
 Auto vars:     Size  Location     Type
		None
 Return value:  Size  Location     Type
                  1    wreg      void 
 Registers used:
		wreg, status,2, status,0, pclath, cstack
 Tracked objects:
		On entry : 
		On exit  : 
		Unchanged: 
 Data sizes:     COMMON   BANK0   BANK1   BANK3   BANK2
      Params:         0       0       0       0       0
      Locals:         0       0       0       0       0
      Temps:          0       0       0       0       0
      Totals:         0       0       0       0       0
Total ram usage:        0 bytes
 Hardware stack levels used:    1
 Hardware stack levels required when called:    2
 This function calls:
		_CLOCK
		_delay1
 This function is called by:
		_main
 This function uses a non-reentrant model


 *************** function _LCDWRITE *****************
 Defined at:
		line 87 in file "./LCDLIBRARY1.h"
 Parameters:    Size  Location     Type
  P               1    wreg     PTR const unsigned char 
		 -> STR_5(10), STR_4(10), STR_3(2), STR_2(9), 
		 -> STR_1(16), 
 Auto vars:     Size  Location     Type
  P               1    7[COMMON] PTR const unsigned char 
		 -> STR_5(10), STR_4(10), STR_3(2), STR_2(9), 
		 -> STR_1(16), 
  i               1    6[COMMON] unsigned char 
  k               1    5[COMMON] unsigned char 
  j               1    4[COMMON] unsigned char 
 Return value:  Size  Location     Type
                  1    wreg      void 
 Registers used:
		wreg, fsr0l, fsr0h, status,2, status,0, pclath, cstack
 Tracked objects:
		On entry : 
		On exit  : 
		Unchanged: 
 Data sizes:     COMMON   BANK0   BANK1   BANK3   BANK2
      Params:         0       0       0       0       0
      Locals:         4       0       0       0       0
      Temps:          2       0       0       0       0
      Totals:         6       0       0       0       0
Total ram usage:        6 bytes
 Hardware stack levels used:    1
 Hardware stack levels required when called:    2
 This function calls:
		_CLOCK
 This function is called by:
		_main
 This function uses a non-reentrant model


 *************** function _CURSOR *****************
 Defined at:
		line 139 in file "./LCDLIBRARY1.h"
 Parameters:    Size  Location     Type
  a               1    wreg     unsigned char 
  b               1    2[COMMON] unsigned char 
 Auto vars:     Size  Location     Type
  a               1    5[COMMON] unsigned char 
 Return value:  Size  Location     Type
                  1    wreg      void 
 Registers used:
		wreg, status,2, status,0, btemp+1, pclath, cstack
 Tracked objects:
		On entry : 
		On exit  : 
		Unchanged: 
 Data sizes:     COMMON   BANK0   BANK1   BANK3   BANK2
      Params:         1       0       0       0       0
      Locals:         1       0       0       0       0
      Temps:          2       0       0       0       0
      Totals:         4       0       0       0       0
Total ram usage:        4 bytes
 Hardware stack levels used:    1
 Hardware stack levels required when called:    2
 This function calls:
		_CLOCK
 This function is called by:
		_main
 This function uses a non-reentrant model


 *************** function _CLRDISP *****************
 Defined at:
		line 157 in file "./LCDLIBRARY1.h"
 Parameters:    Size  Location     Type
		None
 Auto vars:     Size  Location     Type
		None
 Return value:  Size  Location     Type
                  1    wreg      void 
 Registers used:
		wreg, status,2, status,0, pclath, cstack
 Tracked objects:
		On entry : 
		On exit  : 
		Unchanged: 
 Data sizes:     COMMON   BANK0   BANK1   BANK3   BANK2
      Params:         0       0       0       0       0
      Locals:         0       0       0       0       0
      Temps:          0       0       0       0       0
      Totals:         0       0       0       0       0
Total ram usage:        0 bytes
 Hardware stack levels used:    1
 Hardware stack levels required when called:    2
 This function calls:
		_CLOCK
		_delay1
 This function is called by:
		_main
 This function uses a non-reentrant model


 *************** function _delay1 *****************
 Defined at:
		line 31 in file "./LCDLIBRARY1.h"
 Parameters:    Size  Location     Type
		None
 Auto vars:     Size  Location     Type
		None
 Return value:  Size  Location     Type
                  1    wreg      void 
 Registers used:
		wreg
 Tracked objects:
		On entry : 
		On exit  : 
		Unchanged: 
 Data sizes:     COMMON   BANK0   BANK1   BANK3   BANK2
      Params:         0       0       0       0       0
      Locals:         0       0       0       0       0
      Temps:          2       0       0       0       0
      Totals:         2       0       0       0       0
Total ram usage:        2 bytes
 Hardware stack levels used:    1
 This function calls:
		Nothing
 This function is called by:
		_CLRDISP
		_config
		_SETCURSORTYPE
 This function uses a non-reentrant model


 *************** function _CLOCK *****************
 Defined at:
		line 45 in file "./LCDLIBRARY1.h"
 Parameters:    Size  Location     Type
		None
 Auto vars:     Size  Location     Type
		None
 Return value:  Size  Location     Type
                  1    wreg      void 
 Registers used:
		wreg, status,2, status,0, pclath, cstack
 Tracked objects:
		On entry : 
		On exit  : 
		Unchanged: 
 Data sizes:     COMMON   BANK0   BANK1   BANK3   BANK2
      Params:         0       0       0       0       0
      Locals:         0       0       0       0       0
      Temps:          0       0       0       0       0
      Totals:         0       0       0       0       0
Total ram usage:        0 bytes
 Hardware stack levels used:    1
 Hardware stack levels required when called:    1
 This function calls:
		_delay2
 This function is called by:
		_LCDWRITE
		_CURSOR
		_CLRDISP
		_config
		_LCDCHAR
		_addition
		_SETCURSORTYPE
 This function uses a non-reentrant model


 *************** function _delay2 *****************
 Defined at:
		line 38 in file "./LCDLIBRARY1.h"
 Parameters:    Size  Location     Type
		None
 Auto vars:     Size  Location     Type
		None
 Return value:  Size  Location     Type
                  1    wreg      void 
 Registers used:
		wreg
 Tracked objects:
		On entry : 
		On exit  : 
		Unchanged: 
 Data sizes:     COMMON   BANK0   BANK1   BANK3   BANK2
      Params:         0       0       0       0       0
      Locals:         0       0       0       0       0
      Temps:          2       0       0       0       0
      Totals:         2       0       0       0       0
Total ram usage:        2 bytes
 Hardware stack levels used:    1
 This function calls:
		Nothing
 This function is called by:
		_CLOCK
 This function uses a non-reentrant model



MODULE INFORMATION

Module		Function		Class		Link	Load	Size
shared
		exp@coeff      		STRING         	0000	0000	0
		__stringtab    		STRING         	0003	0000	6
		__initialization		CODE           	07E4	0000	24
		log@coeff      		STRING         	0000	0000	0

shared estimated size: 30

./LCDLIBRARY1.h
		_CURSOR        		CODE           	064D	0000	36
		_delay2        		CODE           	05EC	0000	10
		_CLOCK         		CODE           	060C	0000	17
		_config        		CODE           	06BD	0000	105
		_LCDWRITE      		CODE           	0671	0000	76
		_CLRDISP       		CODE           	0630	0000	29
		_delay1        		CODE           	05F6	0000	10

./LCDLIBRARY1.h estimated size: 283

main.c
		_main          		CODE           	0726	0000	190

main.c estimated size: 190

